// Jest Snapshot v1, https://goo.gl/fbAQLP

exports[`initial render should render and take a snapshot 1`] = `
<Fragment>
  <div>
    <p>
      Loading...
    </p>
  </div>
</Fragment>
`;

exports[`initial render should render and take a snapshot with data 1`] = `
<Fragment>
  <div
    className="product-list"
  >
    <label>
      Search Products
    </label>
    <input
      onChange={[Function]}
      placeholder="...filter data"
      type="text"
      value=""
    />
    <table
      className="tableData"
    >
      <thead>
        <tr>
          <th>
            Product
          </th>
          <th>
            Revenue
          </th>
        </tr>
      </thead>
      <tbody>
        <tr
          key="Alfalfa Sprouts"
        >
          <th>
            Alfalfa Sprouts
          </th>
          <th>
            17,714.01
          </th>
        </tr>
        <tr
          key="Apple"
        >
          <th>
            Apple
          </th>
          <th>
            18,943.11
          </th>
        </tr>
        <tr
          key="Apricot"
        >
          <th>
            Apricot
          </th>
          <th>
            25,294.95
          </th>
        </tr>
        <tr
          key="Artichoke"
        >
          <th>
            Artichoke
          </th>
          <th>
            8,031.10
          </th>
        </tr>
        <tr
          key="Asian Pear"
        >
          <th>
            Asian Pear
          </th>
          <th>
            16,607.43
          </th>
        </tr>
        <tr
          key="Asparagus"
        >
          <th>
            Asparagus
          </th>
          <th>
            29,048.69
          </th>
        </tr>
        <tr
          key="Atemoya"
        >
          <th>
            Atemoya
          </th>
          <th>
            16,244.28
          </th>
        </tr>
        <tr
          key="Avocado"
        >
          <th>
            Avocado
          </th>
          <th>
            11,745.00
          </th>
        </tr>
        <tr
          key="Bamboo Shoots"
        >
          <th>
            Bamboo Shoots
          </th>
          <th>
            16,334.64
          </th>
        </tr>
        <tr
          key="Banana"
        >
          <th>
            Banana
          </th>
          <th>
            16,368.40
          </th>
        </tr>
        <tr
          key="Bean Sprouts"
        >
          <th>
            Bean Sprouts
          </th>
          <th>
            25,457.76
          </th>
        </tr>
        <tr
          key="Beans"
        >
          <th>
            Beans
          </th>
          <th>
            31,269.69
          </th>
        </tr>
        <tr
          key="Beets"
        >
          <th>
            Beets
          </th>
          <th>
            41,115.60
          </th>
        </tr>
        <tr
          key="Belgian Endive"
        >
          <th>
            Belgian Endive
          </th>
          <th>
            18,278.24
          </th>
        </tr>
        <tr
          key="Bell Peppers"
        >
          <th>
            Bell Peppers
          </th>
          <th>
            38,653.92
          </th>
        </tr>
        <tr
          key="Bitter Melon"
        >
          <th>
            Bitter Melon
          </th>
          <th>
            30,027.81
          </th>
        </tr>
        <tr
          key="Blackberries"
        >
          <th>
            Blackberries
          </th>
          <th>
            42,338.40
          </th>
        </tr>
        <tr
          key="Blueberries"
        >
          <th>
            Blueberries
          </th>
          <th>
            15,302.95
          </th>
        </tr>
        <tr
          key="Bok Choy"
        >
          <th>
            Bok Choy
          </th>
          <th>
            32,725.63
          </th>
        </tr>
        <tr
          key="Boniato"
        >
          <th>
            Boniato
          </th>
          <th>
            13,787.62
          </th>
        </tr>
        <tr
          key="Boysenberries"
        >
          <th>
            Boysenberries
          </th>
          <th>
            16,783.20
          </th>
        </tr>
        <tr
          key="Broccoflower"
        >
          <th>
            Broccoflower
          </th>
          <th>
            44,056.32
          </th>
        </tr>
        <tr
          key="Broccoli"
        >
          <th>
            Broccoli
          </th>
          <th>
            30,177.40
          </th>
        </tr>
        <tr
          key="Brussels Sprouts"
        >
          <th>
            Brussels Sprouts
          </th>
          <th>
            6,405.12
          </th>
        </tr>
        <tr
          key="Cabbage"
        >
          <th>
            Cabbage
          </th>
          <th>
            15,287.40
          </th>
        </tr>
        <tr
          key="Cactus Pear"
        >
          <th>
            Cactus Pear
          </th>
          <th>
            29,973.60
          </th>
        </tr>
        <tr
          key="Cantaloupe"
        >
          <th>
            Cantaloupe
          </th>
          <th>
            18,676.35
          </th>
        </tr>
        <tr
          key="Carambola"
        >
          <th>
            Carambola
          </th>
          <th>
            12,248.26
          </th>
        </tr>
        <tr
          key="Carrots"
        >
          <th>
            Carrots
          </th>
          <th>
            44,011.20
          </th>
        </tr>
        <tr
          key="Casaba Melon"
        >
          <th>
            Casaba Melon
          </th>
          <th>
            9,414.13
          </th>
        </tr>
        <tr
          key="Cauliflower"
        >
          <th>
            Cauliflower
          </th>
          <th>
            16,222.98
          </th>
        </tr>
        <tr
          key="Celery"
        >
          <th>
            Celery
          </th>
          <th>
            14,738.64
          </th>
        </tr>
        <tr
          key="Chayote"
        >
          <th>
            Chayote
          </th>
          <th>
            26,606.56
          </th>
        </tr>
        <tr
          key="Cherimoya"
        >
          <th>
            Cherimoya
          </th>
          <th>
            20,986.35
          </th>
        </tr>
        <tr
          key="Cherries"
        >
          <th>
            Cherries
          </th>
          <th>
            10,516.80
          </th>
        </tr>
        <tr
          key="Coconuts"
        >
          <th>
            Coconuts
          </th>
          <th>
            14,317.26
          </th>
        </tr>
        <tr
          key="Collard Greens"
        >
          <th>
            Collard Greens
          </th>
          <th>
            28,314.60
          </th>
        </tr>
        <tr
          key="Corn"
        >
          <th>
            Corn
          </th>
          <th>
            14,001.36
          </th>
        </tr>
        <tr
          key="Cranberries"
        >
          <th>
            Cranberries
          </th>
          <th>
            39,946.41
          </th>
        </tr>
        <tr
          key="Cucumber"
        >
          <th>
            Cucumber
          </th>
          <th>
            16,370.31
          </th>
        </tr>
        <tr
          key="Dates"
        >
          <th>
            Dates
          </th>
          <th>
            28,756.40
          </th>
        </tr>
        <tr
          key="Dried Plums"
        >
          <th>
            Dried Plums
          </th>
          <th>
            14,463.10
          </th>
        </tr>
        <tr
          key="Eggplant"
        >
          <th>
            Eggplant
          </th>
          <th>
            14,976.90
          </th>
        </tr>
        <tr
          key="Endive"
        >
          <th>
            Endive
          </th>
          <th>
            25,872.36
          </th>
        </tr>
        <tr
          key="Escarole"
        >
          <th>
            Escarole
          </th>
          <th>
            10,094.41
          </th>
        </tr>
        <tr
          key="Feijoa"
        >
          <th>
            Feijoa
          </th>
          <th>
            17,975.99
          </th>
        </tr>
        <tr
          key="Fennel"
        >
          <th>
            Fennel
          </th>
          <th>
            19,237.71
          </th>
        </tr>
        <tr
          key="Figs"
        >
          <th>
            Figs
          </th>
          <th>
            18,453.12
          </th>
        </tr>
        <tr
          key="Garlic"
        >
          <th>
            Garlic
          </th>
          <th>
            27,601.08
          </th>
        </tr>
        <tr
          key="Gooseberries"
        >
          <th>
            Gooseberries
          </th>
          <th>
            4,282.48
          </th>
        </tr>
        <tr
          key="Grapefruit"
        >
          <th>
            Grapefruit
          </th>
          <th>
            28,873.12
          </th>
        </tr>
        <tr
          key="Grapes"
        >
          <th>
            Grapes
          </th>
          <th>
            40,013.08
          </th>
        </tr>
        <tr
          key="Green Beans"
        >
          <th>
            Green Beans
          </th>
          <th>
            18,819.76
          </th>
        </tr>
        <tr
          key="Green Onions"
        >
          <th>
            Green Onions
          </th>
          <th>
            21,782.61
          </th>
        </tr>
        <tr
          key="Greens"
        >
          <th>
            Greens
          </th>
          <th>
            14,757.15
          </th>
        </tr>
        <tr
          key="Guava"
        >
          <th>
            Guava
          </th>
          <th>
            32,284.35
          </th>
        </tr>
        <tr
          key="Hominy"
        >
          <th>
            Hominy
          </th>
          <th>
            16,609.36
          </th>
        </tr>
        <tr
          key="Honeydew Melon"
        >
          <th>
            Honeydew Melon
          </th>
          <th>
            17,187.24
          </th>
        </tr>
        <tr
          key="Horned Melon"
        >
          <th>
            Horned Melon
          </th>
          <th>
            10,940.71
          </th>
        </tr>
        <tr
          key="Iceberg Lettuce"
        >
          <th>
            Iceberg Lettuce
          </th>
          <th>
            27,772.62
          </th>
        </tr>
        <tr
          key="Jerusalem Artichoke"
        >
          <th>
            Jerusalem Artichoke
          </th>
          <th>
            44,225.16
          </th>
        </tr>
        <tr
          key="Jicama"
        >
          <th>
            Jicama
          </th>
          <th>
            20,538.00
          </th>
        </tr>
        <tr
          key="Kale"
        >
          <th>
            Kale
          </th>
          <th>
            13,611.20
          </th>
        </tr>
        <tr
          key="Kiwifruit"
        >
          <th>
            Kiwifruit
          </th>
          <th>
            43,978.60
          </th>
        </tr>
        <tr
          key="Kohlrabi"
        >
          <th>
            Kohlrabi
          </th>
          <th>
            34,879.68
          </th>
        </tr>
        <tr
          key="Kumquat"
        >
          <th>
            Kumquat
          </th>
          <th>
            22,500.24
          </th>
        </tr>
        <tr
          key="Leeks"
        >
          <th>
            Leeks
          </th>
          <th>
            9,357.14
          </th>
        </tr>
        <tr
          key="Lemons"
        >
          <th>
            Lemons
          </th>
          <th>
            24,879.30
          </th>
        </tr>
        <tr
          key="Lettuce"
        >
          <th>
            Lettuce
          </th>
          <th>
            16,811.52
          </th>
        </tr>
        <tr
          key="Lima Beans"
        >
          <th>
            Lima Beans
          </th>
          <th>
            6,087.03
          </th>
        </tr>
        <tr
          key="Limes"
        >
          <th>
            Limes
          </th>
          <th>
            23,076.90
          </th>
        </tr>
        <tr
          key="Longan"
        >
          <th>
            Longan
          </th>
          <th>
            21,610.58
          </th>
        </tr>
        <tr
          key="Loquat"
        >
          <th>
            Loquat
          </th>
          <th>
            8,236.11
          </th>
        </tr>
        <tr
          key="Lychee"
        >
          <th>
            Lychee
          </th>
          <th>
            32,632.46
          </th>
        </tr>
        <tr
          key="Madarins"
        >
          <th>
            Madarins
          </th>
          <th>
            8,321.12
          </th>
        </tr>
        <tr
          key="Malanga"
        >
          <th>
            Malanga
          </th>
          <th>
            31,262.96
          </th>
        </tr>
        <tr
          key="Mandarin Oranges"
        >
          <th>
            Mandarin Oranges
          </th>
          <th>
            16,013.20
          </th>
        </tr>
        <tr
          key="Mangos"
        >
          <th>
            Mangos
          </th>
          <th>
            15,769.12
          </th>
        </tr>
        <tr
          key="Mulberries"
        >
          <th>
            Mulberries
          </th>
          <th>
            11,836.80
          </th>
        </tr>
        <tr
          key="Mushrooms"
        >
          <th>
            Mushrooms
          </th>
          <th>
            15,521.92
          </th>
        </tr>
        <tr
          key="Napa"
        >
          <th>
            Napa
          </th>
          <th>
            22,825.66
          </th>
        </tr>
        <tr
          key="Nectarines"
        >
          <th>
            Nectarines
          </th>
          <th>
            43,625.68
          </th>
        </tr>
        <tr
          key="Okra"
        >
          <th>
            Okra
          </th>
          <th>
            26,441.61
          </th>
        </tr>
        <tr
          key="Onion"
        >
          <th>
            Onion
          </th>
          <th>
            19,489.52
          </th>
        </tr>
        <tr
          key="Oranges"
        >
          <th>
            Oranges
          </th>
          <th>
            15,840.72
          </th>
        </tr>
        <tr
          key="Papayas"
        >
          <th>
            Papayas
          </th>
          <th>
            26,074.65
          </th>
        </tr>
        <tr
          key="Parsnip"
        >
          <th>
            Parsnip
          </th>
          <th>
            21,161.62
          </th>
        </tr>
        <tr
          key="Passion Fruit"
        >
          <th>
            Passion Fruit
          </th>
          <th>
            34,337.16
          </th>
        </tr>
        <tr
          key="Peaches"
        >
          <th>
            Peaches
          </th>
          <th>
            32,012.64
          </th>
        </tr>
        <tr
          key="Pears"
        >
          <th>
            Pears
          </th>
          <th>
            16,235.70
          </th>
        </tr>
        <tr
          key="Peas"
        >
          <th>
            Peas
          </th>
          <th>
            23,949.60
          </th>
        </tr>
        <tr
          key="Peppers"
        >
          <th>
            Peppers
          </th>
          <th>
            11,151.79
          </th>
        </tr>
        <tr
          key="Persimmons"
        >
          <th>
            Persimmons
          </th>
          <th>
            35,846.54
          </th>
        </tr>
        <tr
          key="Pineapple"
        >
          <th>
            Pineapple
          </th>
          <th>
            33,411.36
          </th>
        </tr>
        <tr
          key="Plantains"
        >
          <th>
            Plantains
          </th>
          <th>
            13,449.04
          </th>
        </tr>
        <tr
          key="Plums"
        >
          <th>
            Plums
          </th>
          <th>
            17,713.80
          </th>
        </tr>
        <tr
          key="Pomegranate"
        >
          <th>
            Pomegranate
          </th>
          <th>
            19,097.47
          </th>
        </tr>
        <tr
          key="Potatoes"
        >
          <th>
            Potatoes
          </th>
          <th>
            14,082.09
          </th>
        </tr>
        <tr
          key="Prickly Pear"
        >
          <th>
            Prickly Pear
          </th>
          <th>
            26,334.95
          </th>
        </tr>
        <tr
          key="Prunes"
        >
          <th>
            Prunes
          </th>
          <th>
            22,858.29
          </th>
        </tr>
        <tr
          key="Pummelo"
        >
          <th>
            Pummelo
          </th>
          <th>
            25,575.54
          </th>
        </tr>
        <tr
          key="Pumpkin"
        >
          <th>
            Pumpkin
          </th>
          <th>
            17,008.24
          </th>
        </tr>
        <tr
          key="Quince"
        >
          <th>
            Quince
          </th>
          <th>
            19,787.26
          </th>
        </tr>
        <tr
          key="Radicchio"
        >
          <th>
            Radicchio
          </th>
          <th>
            32,043.84
          </th>
        </tr>
        <tr
          key="Radishes"
        >
          <th>
            Radishes
          </th>
          <th>
            34,988.70
          </th>
        </tr>
        <tr
          key="Raisins"
        >
          <th>
            Raisins
          </th>
          <th>
            11,271.69
          </th>
        </tr>
        <tr
          key="Raspberries"
        >
          <th>
            Raspberries
          </th>
          <th>
            7,023.61
          </th>
        </tr>
        <tr
          key="Red Cabbage"
        >
          <th>
            Red Cabbage
          </th>
          <th>
            15,204.80
          </th>
        </tr>
        <tr
          key="Rhubarb"
        >
          <th>
            Rhubarb
          </th>
          <th>
            25,516.40
          </th>
        </tr>
        <tr
          key="Romaine Lettuce"
        >
          <th>
            Romaine Lettuce
          </th>
          <th>
            37,937.13
          </th>
        </tr>
        <tr
          key="Rutabaga"
        >
          <th>
            Rutabaga
          </th>
          <th>
            25,961.44
          </th>
        </tr>
        <tr
          key="Shallots"
        >
          <th>
            Shallots
          </th>
          <th>
            7,994.94
          </th>
        </tr>
        <tr
          key="Snow Peas"
        >
          <th>
            Snow Peas
          </th>
          <th>
            16,122.66
          </th>
        </tr>
        <tr
          key="Spinach"
        >
          <th>
            Spinach
          </th>
          <th>
            25,696.98
          </th>
        </tr>
        <tr
          key="Sprouts"
        >
          <th>
            Sprouts
          </th>
          <th>
            37,881.00
          </th>
        </tr>
        <tr
          key="Squash"
        >
          <th>
            Squash
          </th>
          <th>
            24,640.00
          </th>
        </tr>
        <tr
          key="Strawberries"
        >
          <th>
            Strawberries
          </th>
          <th>
            14,737.24
          </th>
        </tr>
        <tr
          key="String Beans"
        >
          <th>
            String Beans
          </th>
          <th>
            31,501.94
          </th>
        </tr>
        <tr
          key="Sweet Potato"
        >
          <th>
            Sweet Potato
          </th>
          <th>
            42,684.00
          </th>
        </tr>
        <tr
          key="Tangelo"
        >
          <th>
            Tangelo
          </th>
          <th>
            30,480.45
          </th>
        </tr>
        <tr
          key="Tangerines"
        >
          <th>
            Tangerines
          </th>
          <th>
            37,172.30
          </th>
        </tr>
        <tr
          key="Tomatillo"
        >
          <th>
            Tomatillo
          </th>
          <th>
            15,888.60
          </th>
        </tr>
        <tr
          key="Tomato"
        >
          <th>
            Tomato
          </th>
          <th>
            23,331.24
          </th>
        </tr>
        <tr
          key="Turnip"
        >
          <th>
            Turnip
          </th>
          <th>
            21,887.58
          </th>
        </tr>
        <tr
          key="Ugli Fruit"
        >
          <th>
            Ugli Fruit
          </th>
          <th>
            16,515.20
          </th>
        </tr>
        <tr
          key="Water Chestnuts"
        >
          <th>
            Water Chestnuts
          </th>
          <th>
            12,710.31
          </th>
        </tr>
        <tr
          key="Watercress"
        >
          <th>
            Watercress
          </th>
          <th>
            16,234.65
          </th>
        </tr>
        <tr
          key="Watermelon"
        >
          <th>
            Watermelon
          </th>
          <th>
            26,786.76
          </th>
        </tr>
        <tr
          key="Waxed Beans"
        >
          <th>
            Waxed Beans
          </th>
          <th>
            14,843.07
          </th>
        </tr>
        <tr
          key="Yams"
        >
          <th>
            Yams
          </th>
          <th>
            15,865.71
          </th>
        </tr>
        <tr
          key="Yellow Squash"
        >
          <th>
            Yellow Squash
          </th>
          <th>
            27,249.46
          </th>
        </tr>
        <tr
          key="Yuca/Cassava"
        >
          <th>
            Yuca/Cassava
          </th>
          <th>
            60,554.50
          </th>
        </tr>
        <tr
          key="Zucchini Squash"
        >
          <th>
            Zucchini Squash
          </th>
          <th>
            19,968.16
          </th>
        </tr>
      </tbody>
      <tfoot>
        <tr>
          <th>
            Total
          </th>
          <th>
            2,995,251.36
          </th>
        </tr>
      </tfoot>
    </table>
  </div>
</Fragment>
`;
